
> cms@1.0.0 test:int
> cross-env NODE_OPTIONS=--no-deprecation vitest run --config ./vitest.config.mts tests/int/pipelineReportCli.int.spec.ts


 RUN  v4.1.11 <qa-worktree>/lane10/cms

 ❯ tests/int/pipelineReportCli.int.spec.ts (1 test | 1 failed) 862ms
     × prints stored results without requiring a live research target 861ms

⎯⎯⎯⎯⎯⎯⎯ Failed Tests 1 ⎯⎯⎯⎯⎯⎯⎯

 FAIL  tests/int/pipelineReportCli.int.spec.ts > pipeline report command > prints stored results without requiring a live research target
Error: Command failed: node --import tsx pipeline/src/index.ts report --period week
Error: A target domain is required when AHREFS_API_KEY is set. Set it on the Workspace global or in TARGET_DOMAIN.
    at loadWorkspaceProfile (<qa-worktree>/lane10/pipeline/src/tenant.ts:45:11)
    at process.processTicksAndRejections (node:internal/process/task_queues:103:5)
    at async Promise.all (index 0)
    at async loadTenantContext (<qa-worktree>/lane10/pipeline/src/tenant.ts:76:65)
    at async main (<qa-worktree>/lane10/pipeline/src/index.ts:98:18)

 ❯ loadWorkspaceProfile ../pipeline/src/tenant.ts:45:11
 ❯ loadTenantContext ../pipeline/src/tenant.ts:76:65
 ❯ main ../pipeline/src/index.ts:98:18

⎯⎯⎯⎯⎯⎯⎯⎯⎯⎯⎯⎯⎯⎯⎯⎯⎯⎯⎯⎯⎯⎯⎯⎯[1/1]⎯


 Test Files  1 failed (1)
      Tests  1 failed (1)
   Start at  21:54:45
   Duration  1.35s (transform 15ms, setup 16ms, import 7ms, tests 862ms, environment 406ms)

npm error Lifecycle script `test:int` failed with error:
npm error code 1
npm error path <qa-worktree>/lane10/cms
npm error workspace cms@1.0.0
npm error location <qa-worktree>/lane10/cms
npm error command failed
npm error command sh -c cross-env NODE_OPTIONS=--no-deprecation vitest run --config ./vitest.config.mts tests/int/pipelineReportCli.int.spec.ts
