
> cms@1.0.0 test:int
> cross-env NODE_OPTIONS=--no-deprecation vitest run --config ./vitest.config.mts tests/int/selectedRunConcurrency.int.spec.ts


 RUN  v4.1.11 <qa-worktree>/lane12/cms

[21:58:34] [33mWARN[39m: [36mNo email adapter provided. Email will be written to console. More info at https://payloadcms.com/docs/email/overview.[39m
stdout | tests/int/selectedRunConcurrency.int.spec.ts > queues both selected runs when editors launch work concurrently
selected launch error {
  name: 'Error',
  databaseCode: '40001',
  databaseMessage: 'could not serialize access due to read/write dependencies among transactions'
}

stdout | tests/int/selectedRunConcurrency.int.spec.ts
◇ injected env (0) from .env // tip: ⌘ suppress logs { quiet: true }
◇ injected env (0) from ../.env // tip: ⌘ suppress logs { quiet: true }

 ❯ tests/int/selectedRunConcurrency.int.spec.ts (1 test | 1 failed) 139ms
   × queues both selected runs when editors launch work concurrently 138ms

⎯⎯⎯⎯⎯⎯⎯ Failed Tests 1 ⎯⎯⎯⎯⎯⎯⎯

 FAIL  tests/int/selectedRunConcurrency.int.spec.ts > queues both selected runs when editors launch work concurrently
AssertionError: expected [ 'fulfilled', 'rejected' ] to deeply equal [ 'fulfilled', 'fulfilled' ]

- Expected
+ Received

  [
    "fulfilled",
-   "fulfilled",
+   "rejected",
  ]

 ❯ tests/int/selectedRunConcurrency.int.spec.ts:45:52
     43|       }
     44|     }
     45|     expect(results.map((result) => result.status)).toEqual(['fulfilled…
       |                                                    ^
     46|     const runs = await payload.find({ collection: 'pipeline-runs', ove…
     47|       where: { runId: { in: runIds } }, pagination: false })

⎯⎯⎯⎯⎯⎯⎯⎯⎯⎯⎯⎯⎯⎯⎯⎯⎯⎯⎯⎯⎯⎯⎯⎯[1/1]⎯


 Test Files  1 failed (1)
      Tests  1 failed (1)
   Start at  21:58:32
   Duration  1.56s (transform 232ms, setup 18ms, import 968ms, tests 139ms, environment 380ms)

npm error Lifecycle script `test:int` failed with error:
npm error code 1
npm error path <qa-worktree>/lane12/cms
npm error workspace cms@1.0.0
npm error location <qa-worktree>/lane12/cms
npm error command failed
npm error command sh -c cross-env NODE_OPTIONS=--no-deprecation vitest run --config ./vitest.config.mts tests/int/selectedRunConcurrency.int.spec.ts
